<?xml version="1.0" encoding="utf-8"?><testsuites name="pytest tests"><testsuite name="pytest" errors="3" failures="2" skipped="1" tests="211" time="8.280" timestamp="2026-04-13T19:33:34.972609+03:00" hostname="specimbaPC"><testcase classname="tests.bridge.test_sdk.TestSignatureGeneration" name="test_roundtrip" time="0.003" /><testcase classname="tests.bridge.test_sdk.TestSignatureGeneration" name="test_wrong_secret" time="0.001" /><testcase classname="tests.bridge.test_sdk.TestSignatureGeneration" name="test_deterministic" time="0.000" /><testcase classname="tests.bridge.test_sdk.TestSignatureGeneration" name="test_hex_length" time="0.000" /><testcase classname="tests.bridge.test_sdk.TestCircuitBreaker" name="test_starts_closed" time="0.000" /><testcase classname="tests.bridge.test_sdk.TestCircuitBreaker" name="test_opens_after_threshold" time="0.000" /><testcase classname="tests.bridge.test_sdk.TestCircuitBreaker" name="test_transitions_to_half_open" time="0.151" /><testcase classname="tests.bridge.test_sdk.TestCircuitBreaker" name="test_success_closes_circuit" time="0.151" /><testcase classname="tests.bridge.test_sdk.TestCircuitBreaker" name="test_failure_in_half_open_reopens" time="0.151" /><testcase classname="tests.bridge.test_sdk.TestCircuitBreaker" name="test_stats" time="0.000" /><testcase classname="tests.bridge.test_sdk.TestRetryPolicy" name="test_delay_calculation" time="0.001" /><testcase classname="tests.bridge.test_sdk.TestRetryPolicy" name="test_should_retry_http_error" time="0.000" /><testcase classname="tests.bridge.test_sdk.TestRetryPolicy" name="test_should_not_retry_4xx" time="0.000" /><testcase classname="tests.bridge.test_sdk.TestRetryPolicy" name="test_should_retry_connection_error" time="0.000" /><testcase classname="tests.bridge.test_sdk.TestRetryPolicy" name="test_should_not_retry_generic" time="0.000" /><testcase classname="tests.bridge.test_sdk.TestNexusClient" name="test_build_headers" time="0.000" /><testcase classname="tests.bridge.test_sdk.TestNexusClient" name="test_lineage_header_optional" time="0.000" /><testcase classname="tests.bridge.test_sdk.TestNexusClient" name="test_no_lineage_by_default" time="0.000" /><testcase classname="tests.bridge.test_sdk.TestNexusClient" name="test_circuit_breaker_integration" time="0.662"><failure message="AssertionError: assert &lt;CircuitState.CLOSED: 'closed'&gt; == &lt;CircuitState.OPEN: 'open'&gt;&#10; +  where &lt;CircuitState.CLOSED: 'closed'&gt; = CircuitBreaker(failure_threshold=1, recovery_timeout=10, half_open_max=1, _state=&lt;CircuitState.CLOSED: 'closed'&gt;, _failure_count=0, _last_failure_time=0.0, _half_open_count=0, _lock=&lt;unlocked _thread.lock object at 0x0000016CC83DB550&gt;).state&#10; +  and   &lt;CircuitState.OPEN: 'open'&gt; = CircuitState.OPEN">tests\bridge\test_sdk.py:147: in test_circuit_breaker_integration
    assert breaker.state == CircuitState.OPEN
E   AssertionError: assert &lt;CircuitState.CLOSED: 'closed'&gt; == &lt;CircuitState.OPEN: 'open'&gt;
E    +  where &lt;CircuitState.CLOSED: 'closed'&gt; = CircuitBreaker(failure_threshold=1, recovery_timeout=10, half_open_max=1, _state=&lt;CircuitState.CLOSED: 'closed'&gt;, _failure_count=0, _last_failure_time=0.0, _half_open_count=0, _lock=&lt;unlocked _thread.lock object at 0x0000016CC83DB550&gt;).state
E    +  and   &lt;CircuitState.OPEN: 'open'&gt; = CircuitState.OPEN</failure></testcase><testcase classname="tests.bridge.test_sdk.TestNexusClient" name="test_stats" time="0.000" /><testcase classname="tests.bridge.test_sdk.TestNexusClient" name="test_trace_id_unique" time="0.001" /><testcase classname="tests.bridge.test_sdk.TestNexusClient" name="test_bridge_url_trailing_slash" time="0.000" /><testcase classname="tests.contracts.test_protocol_contracts.TestSecretStore" name="test_register_and_retrieve_secret" time="0.001" /><testcase classname="tests.contracts.test_protocol_contracts.TestSecretStore" name="test_missing_secret_raises" time="0.000" /><testcase classname="tests.contracts.test_protocol_contracts.TestSecretStore" name="test_has_secret" time="0.000" /><testcase classname="tests.contracts.test_protocol_contracts.TestSecretStore" name="test_override_priority" time="0.000" /><testcase classname="tests.contracts.test_protocol_contracts.TestSecretStore" name="test_remove_secret" time="0.000" /><testcase classname="tests.contracts.test_protocol_contracts.TestSecretStore" name="test_rotate_secret" time="0.000" /><testcase classname="tests.contracts.test_protocol_contracts.TestSecretStore" name="test_master_key_derivation" time="0.000" /><testcase classname="tests.contracts.test_protocol_contracts.TestSecretStore" name="test_master_key_vs_override" time="0.000" /><testcase classname="tests.contracts.test_protocol_contracts.TestSignatureGeneration" name="test_signature_roundtrip" time="0.000" /><testcase classname="tests.contracts.test_protocol_contracts.TestSignatureGeneration" name="test_wrong_secret_fails" time="0.000" /><testcase classname="tests.contracts.test_protocol_contracts.TestSignatureGeneration" name="test_tampered_payload_fails" time="0.001" /><testcase classname="tests.contracts.test_protocol_contracts.TestSignatureGeneration" name="test_different_trace_id_fails" time="0.000" /><testcase classname="tests.contracts.test_protocol_contracts.TestSignatureGeneration" name="test_signature_deterministic" time="0.000" /><testcase classname="tests.contracts.test_protocol_contracts.TestSignatureGeneration" name="test_signature_length" time="0.000" /><testcase classname="tests.contracts.test_protocol_contracts.TestProtocolHeaders" name="test_required_headers_list" time="0.000" /><testcase classname="tests.contracts.test_protocol_contracts.TestProtocolHeaders" name="test_project_id_format" time="0.000" /><testcase classname="tests.contracts.test_protocol_contracts.TestProtocolHeaders" name="test_trace_id_is_uuid" time="0.000" /><testcase classname="tests.contracts.test_protocol_contracts.TestProtocolHeaders" name="test_full_header_contract" time="0.000" /><testcase classname="tests.cron.test_agent_cycle.TestCycleResult" name="test_to_dict" time="0.001" /><testcase classname="tests.cron.test_agent_cycle.TestRunTests" name="test_run_passing_tests" time="0.527" /><testcase classname="tests.cron.test_agent_cycle.TestRunTests" name="test_run_missing_test_dir" time="0.009" /><testcase classname="tests.cron.test_agent_cycle.TestRunTests" name="test_run_failing_tests" time="0.729" /><testcase classname="tests.cron.test_agent_cycle.TestGitBackup" name="test_git_init_and_commit" time="0.233" /><testcase classname="tests.cron.test_agent_cycle.TestGitBackup" name="test_git_no_changes" time="0.299" /><testcase classname="tests.cron.test_agent_cycle.TestGitBackup" name="test_git_disabled" time="0.003" /><testcase classname="tests.cron.test_agent_cycle.TestLogRotation" name="test_rotate_oversized_log" time="0.004" /><testcase classname="tests.cron.test_agent_cycle.TestLogRotation" name="test_no_rotation_for_small_log" time="0.005" /><testcase classname="tests.cron.test_agent_cycle.TestCanaryCheck" name="test_canary_disabled" time="0.456" /><testcase classname="tests.cron.test_agent_cycle.TestCanaryCheck" name="test_canary_healthy" time="0.004" /><testcase classname="tests.cron.test_agent_cycle.TestCanaryCheck" name="test_canary_unreachable" time="0.003" /><testcase classname="tests.cron.test_agent_cycle.TestFullPipeline" name="test_successful_cycle" time="0.474" /><testcase classname="tests.cron.test_agent_cycle.TestFullPipeline" name="test_failed_cycle_reports_error" time="0.523" /><testcase classname="tests.cron.test_agent_cycle.TestFullPipeline" name="test_report_file_created" time="0.471" /><testcase classname="tests.cron.test_agent_cycle.TestFullPipeline" name="test_cycle_count_increments" time="1.220" /><testcase classname="tests.cron.test_agent_cycle.TestFullPipeline" name="test_canary_failure_stops_pipeline" time="0.431" /><testcase classname="tests.cron.test_agent_cycle.TestCLIMain" name="test_main_exits_zero_on_success" time="0.477" /><testcase classname="tests.cron.test_agent_cycle.TestCLIMain" name="test_main_exits_one_on_failure" time="0.624" /><testcase classname="tests.engine.test_router.TestTaskRegistration" name="test_add_task_no_deps" time="0.011" /><testcase classname="tests.engine.test_router.TestTaskRegistration" name="test_add_task_with_deps" time="0.001" /><testcase classname="tests.engine.test_router.TestTaskRegistration" name="test_add_duplicate_task_fails" time="0.001" /><testcase classname="tests.engine.test_router.TestTaskRegistration" name="test_add_task_with_context" time="0.001" /><testcase classname="tests.engine.test_router.TestReadyTasks" name="test_no_deps_is_ready" time="0.001" /><testcase classname="tests.engine.test_router.TestReadyTasks" name="test_with_unmet_deps_not_ready" time="0.001" /><testcase classname="tests.engine.test_router.TestReadyTasks" name="test_deps_met_becomes_ready" time="0.001" /><testcase classname="tests.engine.test_router.TestReadyTasks" name="test_failed_parent_blocks_child" time="0.001" /><testcase classname="tests.engine.test_router.TestReadyTasks" name="test_cancelled_parent_blocks_child" time="0.001" /><testcase classname="tests.engine.test_router.TestReadyTasks" name="test_in_progress_parent_blocks_child" time="0.001" /><testcase classname="tests.engine.test_router.TestReadyTasks" name="test_priority_ordering" time="0.001" /><testcase classname="tests.engine.test_router.TestReadyTasks" name="test_multi_project_isolation" time="0.001" /><testcase classname="tests.engine.test_router.TestReadyTasks" name="test_diamond_dependency" time="0.001" /><testcase classname="tests.engine.test_router.TestReadyTasks" name="test_one_of_many_deps_unmet" time="0.001" /><testcase classname="tests.engine.test_router.TestBlockedTasks" name="test_blocked_returns_blocking_parents" time="0.001" /><testcase classname="tests.engine.test_router.TestBlockedTasks" name="test_completed_not_in_blocked" time="0.001" /><testcase classname="tests.engine.test_router.TestBlockedTasks" name="test_multiple_blocking_parents" time="0.001" /><testcase classname="tests.engine.test_router.TestTaskStatus" name="test_get_status" time="0.001" /><testcase classname="tests.engine.test_router.TestTaskStatus" name="test_get_nonexistent_status" time="0.001" /><testcase classname="tests.engine.test_router.TestTaskStatus" name="test_status_transitions" time="0.001" /><testcase classname="tests.engine.test_router.TestTaskStatus" name="test_all_status_values" time="0.001" /><testcase classname="tests.engine.test_router.TestProjectTasks" name="test_get_all_project_tasks" time="0.001" /><testcase classname="tests.engine.test_router.TestProjectTasks" name="test_priority_sorted" time="0.001" /><testcase classname="tests.engine.test_skill_adapter.TestSkillDefinition" name="test_valid_creation" time="0.000" /><testcase classname="tests.engine.test_skill_adapter.TestSkillDefinition" name="test_hermes_task_type_set_from_domains" time="0.000" /><testcase classname="tests.engine.test_skill_adapter.TestSkillDefinition" name="test_invalid_complexity_range_raises" time="0.000" /><testcase classname="tests.engine.test_skill_adapter.TestSkillDefinition" name="test_inverted_complexity_range_raises" time="0.000" /><testcase classname="tests.engine.test_skill_adapter.TestSkillDefinition" name="test_invalid_token_cost_raises" time="0.000" /><testcase classname="tests.engine.test_skill_adapter.TestSkillDefinition" name="test_invalid_execution_mode_raises" time="0.000" /><testcase classname="tests.engine.test_skill_adapter.TestSkillDefinition" name="test_invalid_regex_raises" time="0.000" /><testcase classname="tests.engine.test_skill_adapter.TestSkillDefinition" name="test_complexity_matches" time="0.000" /><testcase classname="tests.engine.test_skill_adapter.TestSkillDefinition" name="test_complexity_matches_trivial_only" time="0.000" /><testcase classname="tests.engine.test_skill_adapter.TestSkillDefinition" name="test_domain_matches" time="0.000" /><testcase classname="tests.engine.test_skill_adapter.TestSkillDefinition" name="test_matches_description" time="0.000" /><testcase classname="tests.engine.test_skill_adapter.TestSkillDefinition" name="test_pattern_is_case_insensitive" time="0.001" /><testcase classname="tests.engine.test_skill_adapter.TestSkillCatalog" name="test_catalog_has_minimum_skills" time="0.000" /><testcase classname="tests.engine.test_skill_adapter.TestSkillCatalog" name="test_catalog_skill_ids_are_unique" time="0.000" /><testcase classname="tests.engine.test_skill_adapter.TestSkillCatalog" name="test_catalog_all_patterns_compile" time="0.000" /><testcase classname="tests.engine.test_skill_adapter.TestSkillCatalog" name="test_catalog_all_domains_are_valid" time="0.000" /><testcase classname="tests.engine.test_skill_adapter.TestSkillCatalog" name="test_catalog_covers_all_core_skills" time="0.000" /><testcase classname="tests.engine.test_skill_adapter.TestSkillRegistry" name="test_init_loads_catalog" time="0.000" /><testcase classname="tests.engine.test_skill_adapter.TestSkillRegistry" name="test_register_skill" time="0.000" /><testcase classname="tests.engine.test_skill_adapter.TestSkillRegistry" name="test_register_overwrites_existing" time="0.000" /><testcase classname="tests.engine.test_skill_adapter.TestSkillRegistry" name="test_register_empty_id_raises" time="0.000" /><testcase classname="tests.engine.test_skill_adapter.TestSkillRegistry" name="test_get_skill_found" time="0.000" /><testcase classname="tests.engine.test_skill_adapter.TestSkillRegistry" name="test_get_skill_not_found" time="0.000" /><testcase classname="tests.engine.test_skill_adapter.TestSkillRegistry" name="test_list_skills" time="0.001" /><testcase classname="tests.engine.test_skill_adapter.TestSkillRegistry" name="test_list_skill_ids" time="0.000" /><testcase classname="tests.engine.test_skill_adapter.TestSkillRegistry" name="test_contains" time="0.000" /><testcase classname="tests.engine.test_skill_adapter.TestSkillRegistry" name="test_iter" time="0.000" /><testcase classname="tests.engine.test_skill_adapter.TestFindSkillsForTask" name="test_web_search_match" time="0.000" /><testcase classname="tests.engine.test_skill_adapter.TestFindSkillsForTask" name="test_image_generation_match" time="0.001" /><testcase classname="tests.engine.test_skill_adapter.TestFindSkillsForTask" name="test_pdf_creation_match" time="0.000" /><testcase classname="tests.engine.test_skill_adapter.TestFindSkillsForTask" name="test_code_task_match" time="0.000" /><testcase classname="tests.engine.test_skill_adapter.TestFindSkillsForTask" name="test_fullstack_match" time="0.000" /><testcase classname="tests.engine.test_skill_adapter.TestFindSkillsForTask" name="test_finance_match" time="0.000" /><testcase classname="tests.engine.test_skill_adapter.TestFindSkillsForTask" name="test_no_match_returns_empty" time="0.000" /><testcase classname="tests.engine.test_skill_adapter.TestFindSkillsForTask" name="test_results_sorted_by_relevance" time="0.000" /><testcase classname="tests.engine.test_skill_adapter.TestFindSkillsForTask" name="test_complexity_filters_out" time="0.001" /><testcase classname="tests.engine.test_skill_adapter.TestHermesIntegration" name="test_create_hermes_skill_records" time="0.000" /><testcase classname="tests.engine.test_skill_adapter.TestHermesIntegration" name="test_hermes_record_fields_populated" time="0.000" /><testcase classname="tests.engine.test_skill_adapter.TestHermesIntegration" name="test_records_can_be_registered_with_hermes" time="0.018"><failure message="PermissionError: [WinError 32] The process cannot access the file because it is being used by another process: 'test_skill_adapter.db'">tests\engine\test_skill_adapter.py:369: in test_records_can_be_registered_with_hermes
    os.remove("test_skill_adapter.db")
E   PermissionError: [WinError 32] The process cannot access the file because it is being used by another process: 'test_skill_adapter.db'</failure></testcase><testcase classname="tests.engine.test_skill_adapter.TestEstimateTokenCost" name="test_basic_cost_estimation" time="0.001" /><testcase classname="tests.engine.test_skill_adapter.TestEstimateTokenCost" name="test_low_cost_skill_cheaper" time="0.000" /><testcase classname="tests.engine.test_skill_adapter.TestEstimateTokenCost" name="test_longer_description_higher_cost" time="0.000" /><testcase classname="tests.engine.test_skill_adapter.TestEstimateTokenCost" name="test_unknown_skill_raises" time="0.000" /><testcase classname="tests.engine.test_skill_adapter.TestGetExecutionCommand" name="test_cli_command_format" time="0.000" /><testcase classname="tests.engine.test_skill_adapter.TestGetExecutionCommand" name="test_cli_command_contains_json" time="0.000" /><testcase classname="tests.engine.test_skill_adapter.TestGetExecutionCommand" name="test_unknown_skill_raises" time="0.000" /><testcase classname="tests.engine.test_skill_adapter.TestGetExecutionCommand" name="test_empty_params_raises" time="0.001" /><testcase classname="tests.engine.test_skill_adapter.TestGetExecutionCommand" name="test_sdk_mode_command" time="0.000" /><testcase classname="tests.engine.test_skill_adapter.TestDiscoverPlatformSkills" name="test_discover_from_real_skills_dir" time="0.002"><skipped type="pytest.skip" message="Platform skills directory not found: /home/z/my-project/skills">C:\Users\speci.000\Documents\NEXUS\tests\engine\test_skill_adapter.py:443: Platform skills directory not found: /home/z/my-project/skills</skipped></testcase><testcase classname="tests.engine.test_skill_adapter.TestDiscoverPlatformSkills" name="test_discover_from_fake_dir" time="0.010" /><testcase classname="tests.engine.test_skill_adapter.TestDiscoverPlatformSkills" name="test_discover_skips_already_registered" time="0.002" /><testcase classname="tests.engine.test_skill_adapter.TestDiscoverPlatformSkills" name="test_discover_skips_files" time="0.001" /><testcase classname="tests.engine.test_skill_adapter.TestDiscoverPlatformSkills" name="test_discover_nonexistent_dir_raises" time="0.001" /><testcase classname="tests.engine.test_skill_adapter.TestDiscoverPlatformSkills" name="test_discover_dir_without_skill_md" time="0.001" /><testcase classname="tests.engine.test_skill_adapter.TestRegistryStats" name="test_stats_returns_dict" time="0.001" /><testcase classname="tests.engine.test_skill_adapter.TestRegistryStats" name="test_stats_total_matches_len" time="0.000" /><testcase classname="tests.engine.test_skill_adapter.TestRegistryStats" name="test_stats_domain_counts" time="0.000" /><testcase classname="tests.engine.test_skill_adapter.TestEndToEndWorkflow" name="test_full_workflow" time="0.001" /><testcase classname="tests.governor.test_governor.TestBasicAllow" name="test_standard_contributor_read" time="0.001" /><testcase classname="tests.governor.test_governor.TestBasicAllow" name="test_admin_system_access" time="0.001" /><testcase classname="tests.governor.test_governor.TestBasicAllow" name="test_maintainer_cross_project" time="0.001" /><testcase classname="tests.governor.test_governor.TestDeny" name="test_reader_cannot_access_system" time="0.001" /><testcase classname="tests.governor.test_governor.TestDeny" name="test_contributor_cannot_high_impact" time="0.001" /><testcase classname="tests.governor.test_governor.TestDeny" name="test_invalid_kaiju_variable" time="0.001" /><testcase classname="tests.governor.test_governor.TestHold" name="test_empty_intent_holds" time="0.001" /><testcase classname="tests.governor.test_governor.TestHold" name="test_short_intent_for_delete_holds" time="0.001" /><testcase classname="tests.governor.test_governor.TestAuditLogging" name="test_allow_is_audited" time="0.001" /><testcase classname="tests.governor.test_governor.TestAuditLogging" name="test_deny_is_audited" time="0.001" /><testcase classname="tests.governor.test_governor.TestAuditLogging" name="test_hold_is_audited" time="0.001" /><testcase classname="tests.governor.test_governor.TestHoldQueueDelegation" name="test_hold_queued" time="0.001" /><testcase classname="tests.governor.test_governor.TestHoldQueueDelegation" name="test_resolve_hold" time="0.001" /><testcase classname="tests.governor.test_governor.TestHoldQueueDelegation" name="test_resolve_nonexistent" time="0.001" /><testcase classname="tests.governor.test_governor.TestCVADisabled" name="test_no_cva" time="0.001" /><testcase classname="tests.governor.test_governor.TestCustomKaiju" name="test_custom_authorizer" time="0.001" /><testcase classname="tests.governor.test_kaiju_auth.TestScopeCheck" name="test_reader_can_access_project" time="0.000" /><testcase classname="tests.governor.test_kaiju_auth.TestScopeCheck" name="test_reader_cannot_access_cross_project" time="0.000" /><testcase classname="tests.governor.test_kaiju_auth.TestScopeCheck" name="test_reader_cannot_access_system" time="0.000" /><testcase classname="tests.governor.test_kaiju_auth.TestScopeCheck" name="test_admin_can_access_system" time="0.000" /><testcase classname="tests.governor.test_kaiju_auth.TestScopeCheck" name="test_maintainer_can_access_cross_project" time="0.000" /><testcase classname="tests.governor.test_kaiju_auth.TestScopeCheck" name="test_contributor_cannot_access_system" time="0.000" /><testcase classname="tests.governor.test_kaiju_auth.TestImpactCheck" name="test_reader_can_low_impact" time="0.000" /><testcase classname="tests.governor.test_kaiju_auth.TestImpactCheck" name="test_reader_cannot_medium_impact" time="0.000" /><testcase classname="tests.governor.test_kaiju_auth.TestImpactCheck" name="test_contributor_can_medium_impact" time="0.000" /><testcase classname="tests.governor.test_kaiju_auth.TestImpactCheck" name="test_contributor_cannot_high_impact" time="0.000" /><testcase classname="tests.governor.test_kaiju_auth.TestImpactCheck" name="test_admin_can_critical_impact" time="0.000" /><testcase classname="tests.governor.test_kaiju_auth.TestIntentCheck" name="test_matching_intent_passes" time="0.000" /><testcase classname="tests.governor.test_kaiju_auth.TestIntentCheck" name="test_empty_intent_fails" time="0.000" /><testcase classname="tests.governor.test_kaiju_auth.TestIntentCheck" name="test_short_intent_for_delete_holds" time="0.001" /><testcase classname="tests.governor.test_kaiju_auth.TestIntentCheck" name="test_detailed_delete_intent_passes" time="0.000" /><testcase classname="tests.governor.test_kaiju_auth.TestIntentCheck" name="test_mismatched_intent_warns" time="0.000" /><testcase classname="tests.governor.test_kaiju_auth.TestIntentCheck" name="test_write_intent_matches" time="0.000" /><testcase classname="tests.governor.test_kaiju_auth.TestIntentCheck" name="test_execute_intent_matches" time="0.000" /><testcase classname="tests.governor.test_kaiju_auth.TestAuthorize" name="test_full_allow" time="0.000" /><testcase classname="tests.governor.test_kaiju_auth.TestAuthorize" name="test_scope_deny" time="0.000" /><testcase classname="tests.governor.test_kaiju_auth.TestAuthorize" name="test_impact_deny" time="0.000" /><testcase classname="tests.governor.test_kaiju_auth.TestAuthorize" name="test_intent_hold" time="0.000" /><testcase classname="tests.governor.test_kaiju_auth.TestAuthorize" name="test_admin_full_access" time="0.000" /><testcase classname="tests.governor.test_kaiju_auth.TestHoldQueue" name="test_hold_is_queued" time="0.000" /><testcase classname="tests.governor.test_kaiju_auth.TestHoldQueue" name="test_resolve_hold" time="0.000" /><testcase classname="tests.governor.test_kaiju_auth.TestHoldQueue" name="test_resolve_nonexistent_hold" time="0.000" /><testcase classname="tests.governor.test_kaiju_auth.TestHoldQueue" name="test_multiple_holds" time="0.001" /><testcase classname="tests.integration.test_bridge_integration.TestValidRequest" name="test_submit_returns_200_with_result" time="0.011" /><testcase classname="tests.integration.test_bridge_integration.TestValidRequest" name="test_submit_has_output" time="0.011" /><testcase classname="tests.integration.test_bridge_integration.TestValidRequest" name="test_submit_stores_result_for_status_query" time="0.012" /><testcase classname="tests.integration.test_bridge_integration.TestValidRequest" name="test_vault_read_returns_records_list" time="0.001" /><testcase classname="tests.integration.test_bridge_integration.TestValidRequest" name="test_vault_write_returns_record_id" time="0.001" /><testcase classname="tests.integration.test_bridge_integration.TestMissingSignature" name="test_no_signature_returns_401" time="0.001" /><testcase classname="tests.integration.test_bridge_integration.TestMissingSignature" name="test_empty_signature_returns_401" time="0.000" /><testcase classname="tests.integration.test_bridge_integration.TestInvalidSignature" name="test_wrong_secret_returns_401" time="0.001" /><testcase classname="tests.integration.test_bridge_integration.TestInvalidSignature" name="test_tampered_payload_returns_401" time="0.000" /><testcase classname="tests.integration.test_bridge_integration.TestInvalidSignature" name="test_wrong_agent_returns_401" time="0.000" /><testcase classname="tests.integration.test_bridge_integration.TestKaijuDeny" name="test_reader_cannot_access_system_scope" time="0.001" /><testcase classname="tests.integration.test_bridge_integration.TestKaijuDeny" name="test_contributor_cannot_high_impact" time="0.001" /><testcase classname="tests.integration.test_bridge_integration.TestKaijuHold" name="test_empty_intent_returns_hold" time="0.001" /><testcase classname="tests.integration.test_bridge_integration.TestKaijuHold" name="test_very_short_intent_returns_hold" time="0.000" /><testcase classname="tests.integration.test_bridge_integration.TestMalformedJSON" name="test_invalid_json_returns_400" time="0.000" /><testcase classname="tests.integration.test_bridge_integration.TestMalformedJSON" name="test_non_object_json_returns_400" time="0.000" /><testcase classname="tests.integration.test_bridge_integration.TestMalformedJSON" name="test_empty_body_returns_400" time="0.000" /><testcase classname="tests.integration.test_bridge_integration.TestEdgeCases" name="test_method_not_allowed" time="0.000" /><testcase classname="tests.integration.test_bridge_integration.TestEdgeCases" name="test_unknown_task_status_returns_404" time="0.000" /><testcase classname="tests.integration.test_bridge_integration.TestEdgeCases" name="test_missing_trace_id_returns_401" time="0.000" /><testcase classname="tests.integration.test_bridge_integration.TestEdgeCases" name="test_jsonrpc_response_format" time="0.012" /><testcase classname="tests.integration.test_bridge_integration.TestEdgeCases" name="test_full_pipeline_with_governor_allow" time="0.011" /><testcase classname="tests.integration.test_compliance.TestCompliantScenario" name="test_full_compliance" time="0.016"><error message="failed on teardown with &quot;PermissionError: [WinError 32] The process cannot access the file because it is being used by another process: 'test_compliance.db'&quot;">tests\integration\test_compliance.py:27: in db
    os.remove("test_compliance.db")
E   PermissionError: [WinError 32] The process cannot access the file because it is being used by another process: 'test_compliance.db'</error></testcase><testcase classname="tests.integration.test_compliance.TestOWASPASI" name="test_missing_authentication" time="0.004"><error message="failed on teardown with &quot;PermissionError: [WinError 32] The process cannot access the file because it is being used by another process: 'test_compliance.db'&quot;">tests\integration\test_compliance.py:27: in db
    os.remove("test_compliance.db")
E   PermissionError: [WinError 32] The process cannot access the file because it is being used by another process: 'test_compliance.db'</error></testcase><testcase classname="tests.integration.test_compliance.TestOWASPASI" name="test_missing_poisoning_check" time="0.003"><error message="failed on teardown with &quot;PermissionError: [WinError 32] The process cannot access the file because it is being used by another process: 'test_compliance.db'&quot;">tests\integration\test_compliance.py:27: in db
    os.remove("test_compliance.db")
E   PermissionError: [WinError 32] The process cannot access the file because it is being used by another process: 'test_compliance.db'</error></testcase></testsuite></testsuites>